Kra21b    gold http=403 pdf=NO bytes=413
Gar19     green http=000 pdf=NO bytes=0
Zha17c    green http=000 pdf=NO bytes=0
Fou19     hybrid http=403 pdf=NO bytes=1207796
Tao21b    gold http=403 pdf=NO bytes=412
Li23f     gold http=403 pdf=NO bytes=413
Bau23     hybrid http=000 pdf=NO bytes=0
Ski13     hybrid http=403 pdf=NO bytes=1207796
Yan17     diamond http=403 pdf=NO bytes=1207796
Zhe17     gold http=403 pdf=NO bytes=1207796
Jou20     bronze http=000 pdf=NO bytes=0
Dav24     green http=000 pdf=NO bytes=0
Mon09     green http=000 pdf=NO bytes=0
Zha19e    bronze http=000 pdf=NO bytes=0
Cha24c    hybrid http=000 pdf=NO bytes=0
Vau20     green http=000 pdf=NO bytes=0
Zha17     diamond http=403 pdf=NO bytes=1207796
Jen21     hybrid http=200 pdf=NO bytes=3038
Tho07     green http=000 pdf=NO bytes=0
Gro18     diamond http=000 pdf=NO bytes=0
Doc08     green http=000 pdf=NO bytes=0
Ber21d    bronze http=000 pdf=NO bytes=0
Sik24     gold http=403 pdf=NO bytes=413
Sha20     gold http=403 pdf=NO bytes=5638
Mar17     green http=000 pdf=NO bytes=0
Kra16     green http=000 pdf=NO bytes=0
Alq22     gold http=403 pdf=NO bytes=5638
Mor14     hybrid http=000 pdf=NO bytes=0
Hu23      hybrid http=000 pdf=NO bytes=0
Sha19d    gold http=403 pdf=NO bytes=1207856
Ran20b    green http=404 pdf=NO bytes=6748
Bha19     green http=000 pdf=NO bytes=0
Sha18c    diamond http=403 pdf=NO bytes=784
Cre15     green http=200 pdf=YES bytes=930415
Sha21     gold http=200 pdf=YES bytes=2114736
Che25l    gold http=000 pdf=NO bytes=0
Azh23     gold http=000 pdf=NO bytes=0
Kaz16     hybrid http=403 pdf=NO bytes=5632
Neg19     green http=000 pdf=NO bytes=0
Alq23     gold http=403 pdf=NO bytes=416
Las09     green http=000 pdf=NO bytes=0
Shi19d    hybrid http=403 pdf=NO bytes=5840
Liu23e    bronze http=000 pdf=NO bytes=0
Beh20     bronze http=000 pdf=NO bytes=0
Xio24     gold http=403 pdf=NO bytes=5644
Azh26     gold http=000 pdf=NO bytes=0
Pre17     hybrid http=403 pdf=NO bytes=1207796
He24      gold http=000 pdf=NO bytes=0
Arr19b    hybrid http=200 pdf=NO bytes=374581
Eva23     hybrid http=200 pdf=NO bytes=400121
Das25     gold http=403 pdf=NO bytes=5638
Boc21     gold http=403 pdf=NO bytes=5638
Con18     gold http=403 pdf=NO bytes=5861
Lam18     green http=200 pdf=YES bytes=2147101
Pre17b    hybrid http=403 pdf=NO bytes=5693
Arr19     green http=403 pdf=NO bytes=5680
Pre24     gold http=000 pdf=NO bytes=0
Far25b    gold http=000 pdf=NO bytes=0
Wei22     hybrid http=403 pdf=NO bytes=5579
Mad21     green http=000 pdf=NO bytes=0
Dom21     green http=200 pdf=YES bytes=2150165
Nas25b    diamond http=200 pdf=YES bytes=1816694
Val12     bronze http=000 pdf=NO bytes=0
Qiu22     bronze http=000 pdf=NO bytes=0
Naf24     gold http=403 pdf=NO bytes=414
Obe04     gold http=000 pdf=NO bytes=0
Cel07     bronze http=000 pdf=NO bytes=0
Mol19     green http=000 pdf=NO bytes=0
Obe02b    gold http=000 pdf=NO bytes=0
Rie20     hybrid http=200 pdf=NO bytes=3038
Bha26     green http=200 pdf=YES bytes=5261124
