attempting 42

Kra21b    no verified pdf
Gar19     no verified pdf
Zha17c    KEPT     via core       squashed containment
Tao21b    no verified pdf
Li23f     no verified pdf
Ski13     no verified pdf
Yan17     no verified pdf
Jou20     KEPT     via core       squashed containment
Dav24     no verified pdf
Mon09     no verified pdf
Cha24c    no verified pdf
Vau20     no verified pdf
Tho07     no verified pdf
Gro18     rejected via unpaywall+scrape token overlap 1/8 = 0.12
Gro18     rejected via unpaywall+scrape token overlap 1/8 = 0.12
Gro18     KEPT     via unpaywall+scrape squashed containment
Ber21d    no verified pdf
Sya17     no verified pdf
Alq22     no verified pdf
Mor14     no verified pdf
Hu23      no verified pdf
Ran20b    no verified pdf
Sha18c    no verified pdf
Che25l    no verified pdf
Azh23     no verified pdf
Kaz16     no verified pdf
Las09     no verified pdf
Shi19d    no verified pdf
Liu23e    no verified pdf
Beh20     no verified pdf
Azh26     no verified pdf
Zha21g    no verified pdf
He24      no verified pdf
Das25     no verified pdf
Con18     no verified pdf
Arr19     rejected via doi.org+scrape token overlap 0/10 = 0.00
Arr19     no verified pdf
Far25b    no verified pdf
Wan20d    no verified pdf
Qiu22     no verified pdf
Kle19     no verified pdf
Naf24     no verified pdf
Cel07     no verified pdf
Abe14     no verified pdf
Obe02b    no verified pdf

KEPT 3, REJECTED-AS-WRONG 2
kept: Zha17c, Jou20, Gro18
