BIND skipped: installed warpmpm.vehicle already has solidify_watertight (/work/11603/jcerrell0629/vista/mpm-engine/src/warpmpm/vehicle.py)
DETERMINISM load1 n=67109 lim=13.067932987
DETERMINISM load2 n=67109 lim=13.067932987
DETERMINISM identical=True
ANCHOR grid_lim=13.067932987 expected_from_mesh=13.067932987 drift=0.000e+00
==========================================================================
ESTIMATE  grid=133  depth=0.300  vel=1.50  frames=90
  dx                 = 0.098255135 m   (grid_lim 13.067932987 / 133)
  bulk_modulus       = 1.5e+05 Pa
  sound speed c      = 12.8452 m/s   (real water 1481.0, ratio 115.3)
  tau_y=0  K=0  n=1  ->  eta_cap = 0.001 Pa.s
  CFL terms          : acoustic=466.9052  viscous=0.000621  advective=30.5328
  limiting term      = acoustic
  substeps/frame     = 16      (as-run g64 baseline = 11)
  dt                 = 2.0833e-03 s
  cells vs g64       = 8.975x
  substeps vs g64    = 1.455x
  TOTAL WORK vs the g64/90-frame baseline = 13.05x
  resolution         : 3.053 grid cells per flow depth   (rule of thumb ~10 particles)
                       1.838 cells across median ground clearance 0.180554 m
                       1.496 cells across MINIMUM clearance 0.146952 m
  est. wall (GH200)  = 15 s  (~0.2 min)  [calibrated on job 895330]
==========================================================================
warpmpm: device auto -> cuda:0
Particles initialized from torch data.
Total particles:  438031
SETUP 1.3 s
SCENARIO=ENHANCED_STANDING_WATER_SUSTAINED_INFLOW
grid 133^3 lim=13.07m  water 370922 + vehicle 67109 particles (1100.0 kg)  dt=2.08e-03 (16 substeps/frame)
INSTRUMENT dx=0.098255 h=0.049128 floor=0.294765 lim=13.067933
INSTRUMENT water_layers=6 cells_per_depth=3.0533
INSTRUMENT clearance_cells_median=1.8376 clearance_cells_min=1.4956
INSTRUMENT solid_volume=7.95713 m3 hull=7.96208 fill_ratio=0.9994 realized_rho=138.24
INSTRUMENT hull_source=/work/11603/jcerrell0629/vista/hulls/silverado_g96_pd8_coarse_watertight.ply hull_m3=7.962083 watertight=True yaris_ref_delta_pct=+124.744
INSTRUMENT carved 1084 of 372006 water particles from vehicle cells (0.29 percent)
SUBSTEP_TERMS eta=1.000e-03 eta_cap=0.001 acoustic=466.9052 viscous=0.000621 advective=30.5328 limiter=acoustic substeps=16
ACOUSTIC c=12.8452 m/s (real water 1481.0, off by 115.3x)
RHEOLOGY tau_y=0 K=0 n=1 bulk_modulus=150000
frame   0  |d|=   0.88cm  yaw= +0.15  roll= -0.01  ld_bow=0.2685 ld_foot=0.2658 oob=0 inflow=45730  [1.4s]
frame  10  |d|=  15.75cm  yaw= -0.60  roll= +0.01  ld_bow=0.3363 ld_foot=0.3278 oob=0 inflow=31233  [2.4s]
frame  20  |d|=  25.10cm  yaw= -1.32  roll= +0.00  ld_bow=0.3807 ld_foot=0.3742 oob=0 inflow=17056  [3.4s]
frame  30  |d|=  28.94cm  yaw= -1.73  roll= +0.00  ld_bow=0.4147 ld_foot=0.4058 oob=0 inflow=5370  [4.3s]
frame  40  |d|=  30.40cm  yaw= -1.81  roll= +0.00  ld_bow=0.4580 ld_foot=0.4165 oob=0 inflow=469  [5.3s]
frame  50  |d|=  31.46cm  yaw= -1.88  roll= +0.00  ld_bow=0.4647 ld_foot=0.3907 oob=0 inflow=245  [6.3s]
frame  60  |d|=  32.53cm  yaw= -1.92  roll= +0.00  ld_bow=0.4413 ld_foot=0.3794 oob=0 inflow=282  [7.3s]
frame  70  |d|=  33.55cm  yaw= -1.87  roll= +0.00  ld_bow=0.4059 ld_foot=0.3785 oob=0 inflow=264  [8.2s]
frame  80  |d|=  33.56cm  yaw= -1.85  roll= -0.00  ld_bow=0.3852 ld_foot=0.4935 oob=0 inflow=256  [9.2s]
frame  89  |d|=  33.54cm  yaw= -1.83  roll= -0.00  ld_bow=0.3655 ld_foot=0.4293 oob=0 inflow=264  [10.1s]
SUMMARY {"scenario": "enhanced_standing_water_sustained_inflow", "NOT_CANONICAL": "Enhanced-physics run, not one of the 17 gated runs", "derived_from": "renders/yaris_render_s1/sim_standing.py sha256 5215c38bed607ef6", "label": "hull_silverado_dxm", "mass_kg": 1100.0, "depth_m": 0.3, "velocity_ms": 1.5, "n_grid": 133, "frames": 90, "grid_lim": 13.067932987213135, "dx": 0.09825513524220403, "h": 0.049127567621102014, "water_layers": 6, "cells_per_depth": 3.053275528657961, "clearance_cells_median": 1.8376036993376985, "clearance_cells_min": 1.4956164849578157, "n_water": 370922, "n_vehicle": 67109, "n_carved": 1084, "water_eta": 0.001, "floor_friction": 0.55, "bulk_modulus": 150000.0, "tau_y_pa": 0.0, "hb_K": 0.0, "hb_n": 1.0, "eta_cap_pas": 0.001, "cfl_limiter": "acoustic", "substeps": 16, "dt": 0.0020833333333333333, "sound_speed_ms": 12.84523257866513, "sound_speed_error_factor": 115.29569363032155, "term_acoustic": 466.9051701471219, "term_viscous": 0.0006214994302601036, "term_advective": 30.532755286579615, "solid_volume_m3": 7.957131837043075, "hull_m3": 7.962083114517729, "fill_ratio": 0.9993781429553749, "hull_source": "/work/11603/jcerrell0629/vista/hulls/silverado_g96_pd8_coarse_watertight.ply", "hull_watertight": true, "hull_yaris_ref_m3": 3.542739, "hull_ref_delta_pct": 124.74371141982881, "realized_rho": 138.24076596030957, "determinism_identical": true, "final_disp_m": [0.3352956771850586, 0.0073566436767578125, -0.00011479854583740234], "final_disp_mag_m": 0.3353763818740845, "final_yaw_deg": -1.8257091382575852, "final_roll_deg": -0.002030382745341219, "final_pitch_deg": -0.00016757729629599734, "C3_oob_particle_frames": 0, "local_depth_bow_peak": 0.46630055420380784, "local_depth_bow_peak_frame": 48, "local_depth_bow_final": 0.3655410479782219, "local_depth_footprint_peak": 0.5003705691574212, "local_depth_footprint_final": 0.4293053817031975, "C2_veh_zmin_start": 0.2947653532028198, "C2_veh_zmin_final": 0.2947654128074646, "C2_veh_zmin_rise": 5.960464477539063e-08, "passthrough_max_frac": 0.10581200360183543, "leaked_particle_frames": 393149, "wall_seconds": 10.12063193321228, "grid_lim_line_verbatim": "grid 133^3 lim=13.07m  water 370922 + vehicle 67109 particles (1100.0 kg)  dt=2.08e-03 (16 substeps/frame)"}
DONE hull_silverado_dxm in 10.1 s
