BIND skipped: installed warpmpm.vehicle already has solidify_watertight (/work/11603/jcerrell0629/vista/mpm-engine/src/warpmpm/vehicle.py)
DETERMINISM load1 n=30766 lim=10.442536068
DETERMINISM load2 n=30766 lim=10.442536068
DETERMINISM identical=True
ANCHOR grid_lim=10.442536068 expected_from_mesh=10.442536068 drift=0.000e+00
==========================================================================
ESTIMATE  grid=96  depth=0.300  vel=1.50  frames=90
  dx                 = 0.108776417 m   (grid_lim 10.442536068 / 96)
  bulk_modulus       = 1.5e+05 Pa
  sound speed c      = 12.8452 m/s   (real water 1481.0, ratio 115.3)
  tau_y=0  K=0  n=1  ->  eta_cap = 0.001 Pa.s
  CFL terms          : acoustic=421.7443  viscous=0.000507  advective=27.5795
  limiting term      = acoustic
  substeps/frame     = 15      (as-run g64 baseline = 11)
  dt                 = 2.2222e-03 s
  cells vs g64       = 3.375x
  substeps vs g64    = 1.364x
  TOTAL WORK vs the g64/90-frame baseline = 4.60x
  resolution         : 2.758 grid cells per flow depth   (rule of thumb ~10 particles)
                       1.660 cells across median ground clearance 0.180554 m
                       1.351 cells across MINIMUM clearance 0.146952 m
  est. wall (GH200)  = 5 s  (~0.1 min)  [calibrated on job 895330]
==========================================================================
warpmpm: device auto -> cuda:0
Particles initialized from torch data.
Total particles:  211758
SETUP 0.8 s
SCENARIO=ENHANCED_STANDING_WATER_SUSTAINED_INFLOW
grid 96^3 lim=10.44m  water 180992 + vehicle 30766 particles (1100.0 kg)  dt=2.22e-03 (15 substeps/frame)
INSTRUMENT dx=0.108776 h=0.054388 floor=0.326329 lim=10.442536
INSTRUMENT water_layers=6 cells_per_depth=2.7580
INSTRUMENT clearance_cells_median=1.6599 clearance_cells_min=1.3510
INSTRUMENT solid_volume=4.94977 m3 hull=4.95034 fill_ratio=0.9999 realized_rho=222.23
INSTRUMENT hull_source=/work/11603/jcerrell0629/vista/hulls/rogue_g96_pd8_coarse_watertight.ply hull_m3=4.950341 watertight=True yaris_ref_delta_pct=+39.732
INSTRUMENT carved 2758 of 183750 water particles from vehicle cells (1.50 percent)
SUBSTEP_TERMS eta=1.000e-03 eta_cap=0.001 acoustic=421.7443 viscous=0.000507 advective=27.5795 limiter=acoustic substeps=15
ACOUSTIC c=12.8452 m/s (real water 1481.0, off by 115.3x)
RHEOLOGY tau_y=0 K=0 n=1 bulk_modulus=150000
frame   0  |d|=   1.87cm  yaw= -0.06  roll= -1.38  ld_bow=0.3199 ld_foot=0.3061 oob=0 inflow=29081  [0.9s]
frame  10  |d|=  31.27cm  yaw= -0.57  roll= -0.11  ld_bow=0.3746 ld_foot=0.3232 oob=0 inflow=19745  [1.4s]
frame  20  |d|=  54.52cm  yaw= -0.87  roll= -0.11  ld_bow=0.3900 ld_foot=0.3713 oob=0 inflow=10906  [1.9s]
frame  30  |d|=  73.38cm  yaw= -1.42  roll= -0.11  ld_bow=0.4029 ld_foot=0.3835 oob=0 inflow=3492  [2.4s]
frame  40  |d|=  88.69cm  yaw= -2.12  roll= -0.11  ld_bow=0.4100 ld_foot=0.3811 oob=0 inflow=334  [2.9s]
frame  50  |d|=  93.75cm  yaw= -2.65  roll= -0.65  ld_bow=0.4526 ld_foot=0.5862 oob=0 inflow=189  [3.4s]
frame  60  |d|=  94.57cm  yaw= -2.88  roll= -0.21  ld_bow=0.4840 ld_foot=0.5002 oob=0 inflow=207  [4.0s]
frame  70  |d|=  94.74cm  yaw= -2.92  roll= -0.12  ld_bow=0.4407 ld_foot=0.4578 oob=0 inflow=201  [4.5s]
frame  80  |d|=  94.52cm  yaw= -2.95  roll= -0.15  ld_bow=0.3728 ld_foot=0.4624 oob=0 inflow=211  [5.0s]
frame  89  |d|=  93.64cm  yaw= -2.88  roll= -0.27  ld_bow=0.3215 ld_foot=0.4653 oob=0 inflow=221  [5.5s]
SUMMARY {"scenario": "enhanced_standing_water_sustained_inflow", "NOT_CANONICAL": "Enhanced-physics run, not one of the 17 gated runs", "derived_from": "renders/yaris_render_s1/sim_standing.py sha256 5215c38bed607ef6", "label": "hull_rogue_g96", "mass_kg": 1100.0, "depth_m": 0.3, "velocity_ms": 1.5, "n_grid": 96, "frames": 90, "grid_lim": 10.442536067962648, "dx": 0.10877641737461091, "h": 0.054388208687305456, "water_layers": 6, "cells_per_depth": 2.757950732711131, "clearance_cells_median": 1.6598634553130853, "clearance_cells_min": 1.3509545869112205, "n_water": 180992, "n_vehicle": 30766, "n_carved": 2758, "water_eta": 0.001, "floor_friction": 0.55, "bulk_modulus": 150000.0, "tau_y_pa": 0.0, "hb_K": 0.0, "hb_n": 1.0, "eta_cap_pas": 0.001, "cfl_limiter": "acoustic", "substeps": 15, "dt": 0.0022222222222222222, "sound_speed_ms": 12.84523257866513, "sound_speed_error_factor": 115.29569363032155, "term_acoustic": 421.74426907350454, "term_viscous": 0.0005070861496041244, "term_advective": 27.579507327111312, "solid_volume_m3": 4.9497732183573815, "hull_m3": 4.950340735545736, "fill_ratio": 0.999885357954397, "hull_source": "/work/11603/jcerrell0629/vista/hulls/rogue_g96_pd8_coarse_watertight.ply", "hull_watertight": true, "hull_yaris_ref_m3": 3.542739, "hull_ref_delta_pct": 39.732019083136976, "realized_rho": 222.2324036827374, "determinism_identical": true, "final_disp_m": [0.9359536170959473, -0.011442184448242188, -0.026387572288513184], "final_disp_mag_m": 0.9363954663276672, "final_yaw_deg": -2.8801573708621504, "final_roll_deg": -0.27152189745769206, "final_pitch_deg": 1.0641596943872653, "C3_oob_particle_frames": 0, "local_depth_bow_peak": 0.48526761829853055, "local_depth_bow_peak_frame": 58, "local_depth_bow_final": 0.3215064793825149, "local_depth_footprint_peak": 0.5861708313226699, "local_depth_footprint_final": 0.46534470617771145, "C2_veh_zmin_start": 0.35081976652145386, "C2_veh_zmin_final": 0.32632923126220703, "C2_veh_zmin_rise": -0.024490535259246826, "passthrough_max_frac": 0.1209279968175389, "leaked_particle_frames": 92363, "wall_seconds": 5.498989820480347, "grid_lim_line_verbatim": "grid 96^3 lim=10.44m  water 180992 + vehicle 30766 particles (1100.0 kg)  dt=2.22e-03 (15 substeps/frame)"}
DONE hull_rogue_g96 in 5.5 s
