BIND skipped: installed warpmpm.vehicle already has solidify_watertight (/work/11603/jcerrell0629/vista/mpm-engine/src/warpmpm/vehicle.py)
DETERMINISM load1 n=29804 lim=9.421742314
DETERMINISM load2 n=29804 lim=9.421742314
DETERMINISM identical=True
ANCHOR grid_lim=9.421742314 expected_from_mesh=9.421742314 drift=0.000e+00
ANCHOR canonical_yaris grid_lim=9.421742314 recorded=9.421742314 drift=0.000e+00
==========================================================================
ESTIMATE  grid=96  depth=0.300  vel=1.50  frames=90
  dx                 = 0.098143149 m   (grid_lim 9.421742314 / 96)
  bulk_modulus       = 1.5e+05 Pa
  sound speed c      = 12.8452 m/s   (real water 1481.0, ratio 115.3)
  tau_y=0  K=0  n=1  ->  eta_cap = 0.001 Pa.s
  CFL terms          : acoustic=467.4379  viscous=0.000623  advective=30.5676
  limiting term      = acoustic
  substeps/frame     = 16      (as-run g64 baseline = 11)
  dt                 = 2.0833e-03 s
  cells vs g64       = 3.375x
  substeps vs g64    = 1.455x
  TOTAL WORK vs the g64/90-frame baseline = 4.91x
  resolution         : 3.057 grid cells per flow depth   (rule of thumb ~10 particles)
                       1.840 cells across median ground clearance 0.180554 m
                       1.497 cells across MINIMUM clearance 0.146952 m
  est. wall (GH200)  = 6 s  (~0.1 min)  [calibrated on job 895330]
==========================================================================
warpmpm: device auto -> cuda:0
Particles initialized from torch data.
Total particles:  209871
SETUP 8.5 s
SCENARIO=ENHANCED_STANDING_WATER_SUSTAINED_INFLOW
grid 96^3 lim=9.42m  water 180067 + vehicle 29804 particles (1100.0 kg)  dt=2.08e-03 (16 substeps/frame)
INSTRUMENT dx=0.098143 h=0.049072 floor=0.294429 lim=9.421742
INSTRUMENT water_layers=6 cells_per_depth=3.0568
INSTRUMENT clearance_cells_median=1.8397 clearance_cells_min=1.4973
INSTRUMENT solid_volume=3.52180 m3 hull=3.54274 fill_ratio=0.9941 realized_rho=312.34
INSTRUMENT hull_source=/work/11603/jcerrell0629/vista/can-it-ford/vehicle_geometry_research/yaris_coarse_v1l_watertight.ply hull_m3=3.542739 watertight=True yaris_ref_delta_pct=-0.000
INSTRUMENT carved 3683 of 183750 water particles from vehicle cells (2.00 percent)
SUBSTEP_TERMS eta=1.000e-03 eta_cap=0.001 acoustic=467.4379 viscous=0.000623 advective=30.5676 limiter=acoustic substeps=16
ACOUSTIC c=12.8452 m/s (real water 1481.0, off by 115.3x)
RHEOLOGY tau_y=0 K=0 n=1 bulk_modulus=150000
frame   0  |d|=   1.52cm  yaw= -0.09  roll= -0.27  ld_bow=0.2907 ld_foot=0.2741 oob=0 inflow=32189  [8.6s]
frame  10  |d|=  19.53cm  yaw= -0.93  roll= -0.00  ld_bow=0.3979 ld_foot=0.3143 oob=0 inflow=22395  [9.1s]
frame  20  |d|=  24.40cm  yaw= -1.29  roll= -0.00  ld_bow=0.4522 ld_foot=0.3738 oob=0 inflow=12489  [9.6s]
frame  30  |d|=  25.43cm  yaw= -1.37  roll= +0.00  ld_bow=0.4494 ld_foot=0.3842 oob=0 inflow=3955  [10.1s]
frame  40  |d|=  26.20cm  yaw= -1.36  roll= +0.00  ld_bow=0.4362 ld_foot=0.3822 oob=0 inflow=310  [10.7s]
frame  50  |d|=  26.87cm  yaw= -1.38  roll= +0.00  ld_bow=0.4536 ld_foot=0.3980 oob=0 inflow=330  [11.2s]
frame  60  |d|=  27.02cm  yaw= -1.35  roll= +0.00  ld_bow=0.4533 ld_foot=0.4081 oob=0 inflow=269  [11.7s]
frame  70  |d|=  27.15cm  yaw= -1.36  roll= -0.00  ld_bow=0.4081 ld_foot=0.3938 oob=0 inflow=267  [12.2s]
frame  80  |d|=  27.16cm  yaw= -1.35  roll= -0.00  ld_bow=0.3590 ld_foot=0.3755 oob=0 inflow=316  [12.7s]
frame  89  |d|=  27.09cm  yaw= -1.33  roll= +0.00  ld_bow=0.3253 ld_foot=0.3613 oob=0 inflow=469  [13.2s]
SUMMARY {"scenario": "enhanced_standing_water_sustained_inflow", "NOT_CANONICAL": "Enhanced-physics run, not one of the 17 gated runs", "derived_from": "renders/yaris_render_s1/sim_standing.py sha256 5215c38bed607ef6", "label": "hull_yaris_dxm", "mass_kg": 1100.0, "depth_m": 0.3, "velocity_ms": 1.5, "n_grid": 96, "frames": 90, "grid_lim": 9.421742313727737, "dx": 0.0981431491013306, "h": 0.0490715745506653, "water_layers": 6, "cells_per_depth": 3.056759465607291, "clearance_cells_median": 1.8397004951775293, "clearance_cells_min": 1.4973230566330755, "n_water": 180067, "n_vehicle": 29804, "n_carved": 3683, "water_eta": 0.001, "floor_friction": 0.55, "bulk_modulus": 150000.0, "tau_y_pa": 0.0, "hb_K": 0.0, "hb_n": 1.0, "eta_cap_pas": 0.001, "cfl_limiter": "acoustic", "substeps": 16, "dt": 0.0020833333333333333, "sound_speed_ms": 12.84523257866513, "sound_speed_error_factor": 115.29569363032155, "term_acoustic": 467.4379318185927, "term_viscous": 0.0006229185620386514, "term_advective": 30.56759465607291, "solid_volume_m3": 3.5217987479492066, "hull_m3": 3.542738790016075, "fill_ratio": 0.9940893068024432, "hull_source": "/work/11603/jcerrell0629/vista/can-it-ford/vehicle_geometry_research/yaris_coarse_v1l_watertight.ply", "hull_watertight": true, "hull_yaris_ref_m3": 3.542739, "hull_ref_delta_pct": -5.927163274369932e-06, "realized_rho": 312.3403915798839, "determinism_identical": true, "final_disp_m": [0.27066707611083984, 0.006275653839111328, -0.007933974266052246], "final_disp_mag_m": 0.2708560526371002, "final_yaw_deg": -1.3306546793375338, "final_roll_deg": 0.0005483865669863344, "final_pitch_deg": 0.0005945474045615722, "C3_oob_particle_frames": 0, "local_depth_bow_peak": 0.4593966940534301, "local_depth_bow_peak_frame": 55, "local_depth_bow_final": 0.32531610523583365, "local_depth_footprint_peak": 0.4089666346204467, "local_depth_footprint_final": 0.36129174028756095, "C2_veh_zmin_start": 0.2944294214248657, "C2_veh_zmin_final": 0.2944294214248657, "C2_veh_zmin_rise": 0.0, "passthrough_max_frac": 0.09680285671444518, "leaked_particle_frames": 153195, "wall_seconds": 13.181580781936646, "grid_lim_line_verbatim": "grid 96^3 lim=9.42m  water 180067 + vehicle 29804 particles (1100.0 kg)  dt=2.08e-03 (16 substeps/frame)"}
DONE hull_yaris_dxm in 13.2 s
