Warp DeprecationWarning: The namespace `warp.torch` will soon be removed from the public API. It can still be accessed from `warp._src.torch` but might be changed or removed without notice.
PREFLIGHT vehicle=rogue class=large_passenger hull=/work/11603/jcerrell0629/vista/can-it-ford/vehicle_geometry_research/rogue_g96_pd8_coarse_watertight.ply
PREFLIGHT watertight=True hull_m3=4.950341 solid_volume=4.949773 fill_ratio=0.9999
PREFLIGHT mass=1571.3 kg source=explicit --mass  realized_rho=317.45 kg/m3
PREFLIGHT mass_alt=1571.3 kg source=Rogue web-sourced curb mass; the Rogue deck states no mass at all  realized_rho_alt=317.45 kg/m3
PREFLIGHT published_hull_m3=4.950341 deviation=0.0000%
DETERMINISM load1 n=30766 lim=10.442536068
DETERMINISM load2 n=30766 lim=10.442536068
DETERMINISM identical=True
PARITY_ODD_COLUMNS dropped=0 of 2919 columns (0.0000 percent)
Warp DeprecationWarning: Support for Python 3.9 is deprecated and will be removed in Warp 1.13. Please upgrade to Python 3.10 or newer.
warpmpm: device auto -> cuda:0
Particles initialized from torch data.
Total particles:  211758
SCENARIO=STANDING_WATER_SUSTAINED_INFLOW
grid 96^3 lim=10.44m  water 180992 + vehicle 30766 particles (1571.3 kg)  dt=2.22e-03 (15 substeps/frame)
INSTRUMENT dx=0.108776 h=0.054388 floor=0.326329 lim=10.442536
INSTRUMENT water_layers=6
INSTRUMENT solid_volume=4.94977 m3 hull=4.95034 fill_ratio=0.9999 realized_rho=317.45
INSTRUMENT hull_source=/work/11603/jcerrell0629/vista/can-it-ford/vehicle_geometry_research/rogue_g96_pd8_coarse_watertight.ply hull_m3=4.950341 watertight=True yaris_ref_delta_pct=+39.732
INSTRUMENT carved 2758 of 183750 water particles from vehicle cells (1.50 percent)
SUBSTEP_TERMS eta=1.000e-03 acoustic=421.7443 viscous=0.000507 advective=27.5795 -> rate=421.7443 substeps=15
ACOUSTIC c=12.8452 m/s  vehicle_x=6.2655  downstream_wall=10.0074  round_trip=0.5826 s
FLOOR_FRICTION=0.550  WATER_ETA=1.000e-03
frame   0  |d|=   1.57cm  yaw= -0.09  roll= -1.27  ld_bow=0.3314 ld_foot=0.3123 oob=0 inflow=29081
frame  10  |d|=  23.58cm  yaw= -0.67  roll= -0.11  ld_bow=0.4178 ld_foot=0.3468 oob=0 inflow=19745
frame  20  |d|=  38.46cm  yaw= -1.10  roll= -0.11  ld_bow=0.4431 ld_foot=0.4146 oob=0 inflow=10906
frame  30  |d|=  48.48cm  yaw= -1.66  roll= -0.11  ld_bow=0.4565 ld_foot=0.4239 oob=0 inflow=3492
frame  40  |d|=  55.35cm  yaw= -2.26  roll= -0.11  ld_bow=0.4578 ld_foot=0.4233 oob=0 inflow=334
frame  50  |d|=  57.74cm  yaw= -2.59  roll= -0.23  ld_bow=0.4652 ld_foot=0.5253 oob=0 inflow=190
frame  60  |d|=  57.71cm  yaw= -2.60  roll= -0.14  ld_bow=0.4614 ld_foot=0.5296 oob=0 inflow=211
frame  70  |d|=  57.61cm  yaw= -2.64  roll= -0.12  ld_bow=0.4090 ld_foot=0.4724 oob=0 inflow=212
frame  80  |d|=  57.34cm  yaw= -2.68  roll= -0.14  ld_bow=0.3400 ld_foot=0.4571 oob=0 inflow=224
frame  89  |d|=  56.86cm  yaw= -2.71  roll= -0.21  ld_bow=0.2863 ld_foot=0.4539 oob=0 inflow=263
SUMMARY {"scenario": "standing_water_sustained_inflow", "label": "rs_rogue_g96", "mass_kg": 1571.3, "depth_m": 0.3, "velocity_ms": 1.5, "n_grid": 96, "frames": 90, "grid_lim": 10.442536067962648, "dx": 0.10877641737461091, "h": 0.054388208687305456, "water_layers": 6, "n_water": 180992, "n_vehicle": 30766, "n_carved": 2758, "water_eta": 0.001, "floor_friction": 0.55, "bulk_modulus": 150000.0, "substeps": 15, "sound_speed_ms": 12.84523257866513, "term_acoustic": 421.74426907350454, "term_viscous": 0.0005070861496041244, "term_advective": 27.579507327111312, "solid_volume_m3": 4.9497732183573815, "hull_m3": 4.950340735545738, "fill_ratio": 0.9998853579543967, "hull_source": "/work/11603/jcerrell0629/vista/can-it-ford/vehicle_geometry_research/rogue_g96_pd8_coarse_watertight.ply", "hull_watertight": true, "hull_yaris_ref_m3": 3.542739, "hull_ref_delta_pct": 39.732019083137025, "realized_rho": 317.4488871878957, "vehicle_key": "rogue", "vehicle_class": "large_passenger", "mass_source": "explicit --mass", "mass_alt_kg": 1571.3, "mass_alt_source": "Rogue web-sourced curb mass; the Rogue deck states no mass at all", "realized_rho_mass_alt": 317.4488871878957, "hull_m3_published": 4.950341, "preflight_fill_ratio": 0.9998853579543967, "parity_odd_columns_dropped": 0, "parity_total_columns": 2919, "determinism_identical": true, "final_disp_m": [0.5682353973388672, -0.003494739532470703, -0.018835902214050293], "final_disp_mag_m": 0.5685582756996155, "final_yaw_deg": -2.7125024802779594, "final_roll_deg": -0.21426636931660567, "final_pitch_deg": 1.1029860114459087, "C3_oob_particle_frames": 0, "local_depth_bow_peak": 0.4709680467844009, "local_depth_bow_peak_frame": 54, "local_depth_bow_final": 0.286297658085823, "local_depth_footprint_peak": 0.5585639268159865, "local_depth_footprint_final": 0.4539469867944717, "C2_veh_zmin_start": 0.33928418159484863, "C2_veh_zmin_final": 0.3263292908668518, "C2_veh_zmin_rise": -0.012954890727996826, "passthrough_max_frac": 0.10716495756718529, "leaked_particle_frames": 95045, "grid_lim_line_verbatim": "grid 96^3 lim=10.44m  water 180992 + vehicle 30766 particles (1571.3 kg)  dt=2.22e-03 (15 substeps/frame)"}
DONE rs_rogue_g96
